Archive member included to satisfy reference by file (symbol)

c:/program files (x86)/atmel/studio/7.0/toolchain/avr8/avr8-gnu-toolchain/bin/../lib/gcc/avr/5.4.0/avr51\libgcc.a(_mulsi3.o)
                              IOT_Library/Internet/SNTP/sntp.o (__mulsi3)
c:/program files (x86)/atmel/studio/7.0/toolchain/avr8/avr8-gnu-toolchain/bin/../lib/gcc/avr/5.4.0/avr51\libgcc.a(_udivmodhi4.o)
                              IOT_Library/Internet/SNTP/sntp.o (__udivmodhi4)
c:/program files (x86)/atmel/studio/7.0/toolchain/avr8/avr8-gnu-toolchain/bin/../lib/gcc/avr/5.4.0/avr51\libgcc.a(_udivmodsi4.o)
                              IOT_Library/Internet/FTPServer/ftpd.o (__udivmodsi4)
c:/program files (x86)/atmel/studio/7.0/toolchain/avr8/avr8-gnu-toolchain/bin/../lib/gcc/avr/5.4.0/avr51\libgcc.a(_exit.o)
                              C:/Program Files (x86)/Atmel/Studio/7.0/Packs/atmel/ATmega_DFP/1.7.374/gcc/dev/atmega128/avr51/crtatmega128.o (exit)
c:/program files (x86)/atmel/studio/7.0/toolchain/avr8/avr8-gnu-toolchain/bin/../lib/gcc/avr/5.4.0/avr51\libgcc.a(_tablejump2.o)
                              IOT_Library/Ethernet/socket.o (__tablejump2__)
c:/program files (x86)/atmel/studio/7.0/toolchain/avr8/avr8-gnu-toolchain/bin/../lib/gcc/avr/5.4.0/avr51\libgcc.a(_copy_data.o)
                              IOT_Library/Application/loopback/loopback.o (__do_copy_data)
c:/program files (x86)/atmel/studio/7.0/toolchain/avr8/avr8-gnu-toolchain/bin/../lib/gcc/avr/5.4.0/avr51\libgcc.a(_clear_bss.o)
                              External_Interrupt.o (__do_clear_bss)
c:/program files (x86)/atmel/studio/7.0/toolchain/avr8/avr8-gnu-toolchain/bin/../lib/gcc/avr/5.4.0/avr51\libgcc.a(_umulhisi3.o)
                              IOT_Library/Internet/SNTP/sntp.o (__umulhisi3)
c:/program files (x86)/atmel/studio/7.0/toolchain/avr8/avr8-gnu-toolchain/bin/../lib/gcc/avr/5.4.0/avr51\libgcc.a(_muluhisi3.o)
                              c:/program files (x86)/atmel/studio/7.0/toolchain/avr8/avr8-gnu-toolchain/bin/../lib/gcc/avr/5.4.0/avr51\libgcc.a(_mulsi3.o) (__muluhisi3)
c:/program files (x86)/atmel/studio/7.0/toolchain/avr8/avr8-gnu-toolchain/bin/../lib/gcc/avr/5.4.0/avr51\libgcc.a(_udivdi3.o)
                              IOT_Library/Internet/SNTP/sntp.o (__umoddi3)
c:/program files (x86)/atmel/studio/7.0/toolchain/avr8/avr8-gnu-toolchain/bin/../lib/gcc/avr/5.4.0/avr51\libgcc.a(_udivmod64.o)
                              c:/program files (x86)/atmel/studio/7.0/toolchain/avr8/avr8-gnu-toolchain/bin/../lib/gcc/avr/5.4.0/avr51\libgcc.a(_udivdi3.o) (__udivmod64)
c:/program files (x86)/atmel/studio/7.0/toolchain/avr8/avr8-gnu-toolchain/bin/../lib/gcc/avr/5.4.0/avr51\libgcc.a(_ashldi3.o)
                              IOT_Library/Internet/SNTP/sntp.o (__ashldi3)
c:/program files (x86)/atmel/studio/7.0/toolchain/avr8/avr8-gnu-toolchain/bin/../lib/gcc/avr/5.4.0/avr51\libgcc.a(_adddi3.o)
                              IOT_Library/Internet/SNTP/sntp.o (__adddi3)
c:/program files (x86)/atmel/studio/7.0/toolchain/avr8/avr8-gnu-toolchain/bin/../lib/gcc/avr/5.4.0/avr51\libgcc.a(_adddi3_s8.o)
                              IOT_Library/Internet/SNTP/sntp.o (__adddi3_s8)
c:/program files (x86)/atmel/studio/7.0/toolchain/avr8/avr8-gnu-toolchain/bin/../lib/gcc/avr/5.4.0/avr51\libgcc.a(_subdi3.o)
                              IOT_Library/Internet/SNTP/sntp.o (__subdi3)
c:/program files (x86)/atmel/studio/7.0/toolchain/avr8/avr8-gnu-toolchain/bin/../lib/gcc/avr/5.4.0/avr51\libgcc.a(_cmpdi2_s8.o)
                              IOT_Library/Internet/SNTP/sntp.o (__cmpdi2_s8)
c:/program files (x86)/atmel/studio/7.0/toolchain/avr8/avr8-gnu-toolchain/bin/../lib/gcc/avr/5.4.0/../../../../avr/lib/avr51\libc.a(malloc.o)
                              IOT_Library/Internet/httpServer/httpServer.o (malloc)
c:/program files (x86)/atmel/studio/7.0/toolchain/avr8/avr8-gnu-toolchain/bin/../lib/gcc/avr/5.4.0/../../../../avr/lib/avr51\libc.a(strtol.o)
                              IOT_Library/Internet/TFTP/netutil.o (strtol)
c:/program files (x86)/atmel/studio/7.0/toolchain/avr8/avr8-gnu-toolchain/bin/../lib/gcc/avr/5.4.0/../../../../avr/lib/avr51\libc.a(atoi.o)
                              IOT_Library/Internet/FTPClient/ftpc.o (atoi)
c:/program files (x86)/atmel/studio/7.0/toolchain/avr8/avr8-gnu-toolchain/bin/../lib/gcc/avr/5.4.0/../../../../avr/lib/avr51\libc.a(isprint.o)
                              IOT_Library/Internet/SNMP/snmp.o (isprint)
c:/program files (x86)/atmel/studio/7.0/toolchain/avr8/avr8-gnu-toolchain/bin/../lib/gcc/avr/5.4.0/../../../../avr/lib/avr51\libc.a(isspace.o)
                              c:/program files (x86)/atmel/studio/7.0/toolchain/avr8/avr8-gnu-toolchain/bin/../lib/gcc/avr/5.4.0/../../../../avr/lib/avr51\libc.a(strtol.o) (isspace)
c:/program files (x86)/atmel/studio/7.0/toolchain/avr8/avr8-gnu-toolchain/bin/../lib/gcc/avr/5.4.0/../../../../avr/lib/avr51\libc.a(tolower.o)
[...]
Memory Configuration

Name             Origin             Length             Attributes
text             0x00000000         0x00020000         xr
data             0x00800100         0x00001000         rw !x
eeprom           0x00810000         0x00001000         rw !x
fuse             0x00820000         0x00000003         rw !x
lock             0x00830000         0x00000400         rw !x
signature        0x00840000         0x00000400         rw !x
user_signatures  0x00850000         0x00000400         rw !x
*default*        0x00000000         0xffffffff

Linker script and memory map

Address of section .data set to 0x800100
LOAD C:/Program Files (x86)/Atmel/Studio/7.0/Packs/atmel/ATmega_DFP/1.7.374/gcc/dev/atmega128/avr51/crtatmega128.o
LOAD Blinky.o
LOAD External_Interrupt.o
LOAD externMemInterface.o
LOAD Flash.o
LOAD GPIO.o
LOAD IOT_Library/Application/loopback/loopback.o
LOAD IOT_Library/Application/multicast/multicast.o
LOAD IOT_Library/Ethernet/socket.o
LOAD IOT_Library/Ethernet/W5100S/w5100s.o
LOAD IOT_Library/Ethernet/W5100/w5100.o
LOAD IOT_Library/Ethernet/W5200/w5200.o
LOAD IOT_Library/Ethernet/W5300/w5300.o
LOAD IOT_Library/Ethernet/W5500/w5500.o
LOAD IOT_Library/Ethernet/wizchip_conf.o
LOAD IOT_Library/Internet/DHCP/dhcp.o
LOAD IOT_Library/Internet/DNS/dns.o
LOAD IOT_Library/Internet/FTPClient/ftpc.o
LOAD IOT_Library/Internet/FTPServer/ftpd.o
LOAD IOT_Library/Internet/httpServer/httpParser.o
LOAD IOT_Library/Internet/httpServer/httpServer.o
LOAD IOT_Library/Internet/httpServer/httpUtil.o
LOAD IOT_Library/Internet/MQTT/MQTTClient.o
LOAD IOT_Library/Internet/MQTT/MQTTPacket/src/MQTTConnectClient.o
LOAD IOT_Library/Internet/MQTT/MQTTPacket/src/MQTTConnectServer.o
LOAD IOT_Library/Internet/MQTT/MQTTPacket/src/MQTTDeserializePublish.o
LOAD IOT_Library/Internet/MQTT/MQTTPacket/src/MQTTFormat.o
LOAD IOT_Library/Internet/MQTT/MQTTPacket/src/MQTTPacket.o
LOAD IOT_Library/Internet/MQTT/MQTTPacket/src/MQTTSerializePublish.o
LOAD IOT_Library/Internet/MQTT/MQTTPacket/src/MQTTSubscribeClient.o
LOAD IOT_Library/Internet/MQTT/MQTTPacket/src/MQTTSubscribeServer.o
LOAD IOT_Library/Internet/MQTT/MQTTPacket/src/MQTTUnsubscribeClient.o
LOAD IOT_Library/Internet/MQTT/MQTTPacket/src/MQTTUnsubscribeServer.o
LOAD IOT_Library/Internet/MQTT/mqtt_interface.o
LOAD IOT_Library/Internet/SNMP/snmp.o
LOAD IOT_Library/Internet/SNMP/snmp_custom.o
LOAD IOT_Library/Internet/SNTP/sntp.o
LOAD IOT_Library/Internet/TFTP/netutil.o
LOAD IOT_Library/Internet/TFTP/tftp.o
LOAD main.o
LOAD queue.o
LOAD staticRam.o
LOAD sysTimer.o
LOAD UART_PERIPHERALs.o
LOAD wiznet_driver.o
START GROUP
LOAD c:/program files (x86)/atmel/studio/7.0/toolchain/avr8/avr8-gnu-toolchain/bin/../lib/gcc/avr/5.4.0/../../../../avr/lib/avr51\libm.a
END GROUP
START GROUP
LOAD c:/program files (x86)/atmel/studio/7.0/toolchain/avr8/avr8-gnu-toolchain/bin/../lib/gcc/avr/5.4.0/avr51\libgcc.a
LOAD c:/program files (x86)/atmel/studio/7.0/toolchain/avr8/avr8-gnu-toolchain/bin/../lib/gcc/avr/5.4.0/../../../../avr/lib/avr51\libm.a
LOAD c:/program files (x86)/atmel/studio/7.0/toolchain/avr8/avr8-gnu-toolchain/bin/../lib/gcc/avr/5.4.0/../../../../avr/lib/avr51\libc.a
LOAD C:/Program Files (x86)/Atmel/Studio/7.0/Packs/atmel/ATmega_DFP/1.7.374/gcc/dev/atmega128/avr51\libatmega128.a
END GROUP
                0x00000000                __TEXT_REGION_ORIGIN__ = DEFINED (__TEXT_REGION_ORIGIN__)?__TEXT_REGION_ORIGIN__:0x0
                [0x00800100]                __DATA_REGION_ORIGIN__ = DEFINED (__DATA_REGION_ORIGIN__)?__DATA_REGION_ORIGIN__:0x800100
                [0x00020000]                __TEXT_REGION_LENGTH__ = DEFINED (__TEXT_REGION_LENGTH__)?__TEXT_REGION_LENGTH__:0x20000
                [0x00001000]                __DATA_REGION_LENGTH__ = DEFINED (__DATA_REGION_LENGTH__)?__DATA_REGION_LENGTH__:0xff00
                [0x00001000]                __EEPROM_REGION_LENGTH__ = DEFINED (__EEPROM_REGION_LENGTH__)?__EEPROM_REGION_LENGTH__:0x10000
                [0x00000003]                __FUSE_REGION_LENGTH__ = DEFINED (__FUSE_REGION_LENGTH__)?__FUSE_REGION_LENGTH__:0x400
                0x00000400                __LOCK_REGION_LENGTH__ = DEFINED (__LOCK_REGION_LENGTH__)?__LOCK_REGION_LENGTH__:0x400
                0x00000400                __SIGNATURE_REGION_LENGTH__ = DEFINED (__SIGNATURE_REGION_LENGTH__)?__SIGNATURE_REGION_LENGTH__:0x400
                0x00000400                __USER_SIGNATURE_REGION_LENGTH__ = DEFINED (__USER_SIGNATURE_REGION_LENGTH__)?__USER_SIGNATURE_REGION_LENGTH__:0x400

.hash
 *(.hash)

.dynsym
 *(.dynsym)

.dynstr
 *(.dynstr)

.gnu.version
 *(.gnu.version)

.gnu.version_d
 *(.gnu.version_d)

.gnu.version_r
 *(.gnu.version_r)

.rel.init
 *(.rel.init)

.rela.init
 *(.rela.init)

.rel.text
 *(.rel.text)
 *(.rel.text.*)
 *(.rel.gnu.linkonce.t*)

.rela.text
 *(.rela.text)
 *(.rela.text.*)
 *(.rela.gnu.linkonce.t*)

.rel.fini
 *(.rel.fini)

.rela.fini
 *(.rela.fini)

.rel.rodata
 *(.rel.rodata)
 *(.rel.rodata.*)
 *(.rel.gnu.linkonce.r*)

.rela.rodata
 *(.rela.rodata)
 *(.rela.rodata.*)
 *(.rela.gnu.linkonce.r*)

.rel.data
 *(.rel.data)
 *(.rel.data.*)
 *(.rel.gnu.linkonce.d*)

.rela.data
 *(.rela.data)
 *(.rela.data.*)
 *(.rela.gnu.linkonce.d*)

.rel.ctors
 *(.rel.ctors)

.rela.ctors
 *(.rela.ctors)

.rel.dtors
 *(.rel.dtors)

.rela.dtors
 *(.rela.dtors)

.rel.got
 *(.rel.got)

.rela.got
 *(.rela.got)

.rel.bss
 *(.rel.bss)

.rela.bss
 *(.rela.bss)

.rel.plt
 *(.rel.plt)

.rela.plt
 *(.rela.plt)

.text           0x00000000     0x3230
 *(.vectors)
 .vectors       0x00000000       0x8c C:/Program Files (x86)/Atmel/Studio/7.0/Packs/atmel/ATmega_DFP/1.7.374/gcc/dev/atmega128/avr51/crtatmega128.o
                0x00000000                __vector_default
                0x00000000                __vectors
 *(.vectors)
 *(.progmem.gcc*)
                0x0000008c                . = ALIGN (0x2)
                0x0000008c                __trampolines_start = .
 *(.trampolines)
 .trampolines   0x0000008c        0x0 linker stubs
 *(.trampolines*)
                0x0000008c                __trampolines_end = .
 *libprintf_flt.a:*(.progmem.data)
 *libc.a:*(.progmem.data)
 *(.progmem*)
                0x0000008c                . = ALIGN (0x2)
 *(.jumptables)
 *(.jumptables*)
 *(.lowtext)
 *(.lowtext*)
                0x0000008c                __ctors_start = .
 *(.ctors)
                0x0000008c                __ctors_end = .
                0x0000008c                __dtors_start = .
 *(.dtors)
                0x0000008c                __dtors_end = .
 SORT(*)(.ctors)
 SORT(*)(.dtors)
 *(.init0)
 .init0         0x0000008c        0x0 C:/Program Files (x86)/Atmel/Studio/7.0/Packs/atmel/ATmega_DFP/1.7.374/gcc/dev/atmega128/avr51/crtatmega128.o
                0x0000008c                __init
 *(.init0)
 *(.init1)
 *(.init1)
 *(.init2)
 .init2         0x0000008c        0xc C:/Program Files (x86)/Atmel/Studio/7.0/Packs/atmel/ATmega_DFP/1.7.374/gcc/dev/atmega128/avr51/crtatmega128.o
 *(.init2)
 *(.init3)
 *(.init3)
 *(.init4)
 .init4         0x00000098       0x1a c:/program files (x86)/atmel/studio/7.0/toolchain/avr8/avr8-gnu-toolchain/bin/../lib/gcc/avr/5.4.0/avr51\libgcc.a(_copy_data.o)
                0x00000098                __do_copy_data
 .init4         0x000000b2       0x10 c:/program files (x86)/atmel/studio/7.0/toolchain/avr8/avr8-gnu-toolchain/bin/../lib/gcc/avr/5.4.0/avr51\libgcc.a(_clear_bss.o)
                0x000000b2                __do_clear_bss
 *(.init4)
 *(.init5)
 *(.init5)
 *(.init6)
 *(.init6)
 *(.init7)
 *(.init7)
 *(.init8)
 *(.init8)
 *(.init9)
 .init9         0x000000c2        0x8 C:/Program Files (x86)/Atmel/Studio/7.0/Packs/atmel/ATmega_DFP/1.7.374/gcc/dev/atmega128/avr51/crtatmega128.o
 *(.init9)
 *(.text)
 .text          0x000000ca        0x2 C:/Program Files (x86)/Atmel/Studio/7.0/Packs/atmel/ATmega_DFP/1.7.374/gcc/dev/atmega128/avr51/crtatmega128.o
                0x000000ca                __vector_22
                0x000000ca                __vector_28
                0x000000ca                __vector_1
                0x000000ca                __vector_34
                0x000000ca                __vector_24
                0x000000ca                __bad_interrupt
                0x000000ca                __vector_6
                0x000000ca                __vector_31
                0x000000ca                __vector_3
                0x000000ca                __vector_23
                0x000000ca                __vector_25
                0x000000ca                __vector_11
                0x000000ca                __vector_13
                0x000000ca                __vector_17
                0x000000ca                __vector_7
                0x000000ca                __vector_27
                0x000000ca                __vector_33
                0x000000ca                __vector_4
                0x000000ca                __vector_9
                0x000000ca                __vector_2
                0x000000ca                __vector_21
                0x000000ca                __vector_15
                0x000000ca                __vector_29
                0x000000ca                __vector_8
                0x000000ca                __vector_26
                0x000000ca                __vector_14
                0x000000ca                __vector_10
                0x000000ca                __vector_16
                0x000000ca                __vector_20
                0x000000cc                . = ALIGN (0x2)
 *(.text.*)
 .text.Blinky_Init
                0x000000cc       0x12 Blinky.o
                0x000000cc                Blinky_Init
 .text.BlinkyTask
                0x000000de       0x26 Blinky.o
                0x000000de                BlinkyTask
 .text.__vector_5
                0x00000104       0x2e External_Interrupt.o
                0x00000104                __vector_5
 .text.External_Mem_Inter_Init
                0x00000132        0xe externMemInterface.o
                0x00000132                External_Mem_Inter_Init
 .text.GPIO_Init
                0x00000140       0x66 GPIO.o
                0x00000140                GPIO_Init
 .text.sendto   0x000001a6      0x3e8 IOT_Library/Ethernet/socket.o
                0x000001a6                sendto
 .text.close    0x0000058e      0x1c6 IOT_Library/Ethernet/socket.o
                0x0000058e                close
 .text.socket   0x00000754      0x1fc IOT_Library/Ethernet/socket.o
                0x00000754                socket
 .text.recvfrom
                0x00000950      0x4fc IOT_Library/Ethernet/socket.o
                0x00000950                recvfrom
 .text.WIZCHIP_WRITE
                0x00000e4c       0x66 IOT_Library/Ethernet/W5300/w5300.o
                0x00000e4c                WIZCHIP_WRITE
 .text.WIZCHIP_READ
                0x00000eb2       0x8e IOT_Library/Ethernet/W5300/w5300.o
                0x00000eb2                WIZCHIP_READ
 .text.setTMSR  0x00000f40       0x52 IOT_Library/Ethernet/W5300/w5300.o
                0x00000f40                setTMSR
 .text.getTMSR  0x00000f92       0x2a IOT_Library/Ethernet/W5300/w5300.o
                0x00000f92                getTMSR
 .text.setRMSR  0x00000fbc       0x52 IOT_Library/Ethernet/W5300/w5300.o
                0x00000fbc                setRMSR
 .text.getSn_TX_FSR
                0x0000100e       0x94 IOT_Library/Ethernet/W5300/w5300.o
                0x0000100e                getSn_TX_FSR
 .text.getSn_RX_RSR
                0x000010a2       0xc4 IOT_Library/Ethernet/W5300/w5300.o
                0x000010a2                getSn_RX_RSR
 .text.wiz_send_data
                0x00001166       0x92 IOT_Library/Ethernet/W5300/w5300.o
                0x00001166                wiz_send_data
 .text.wiz_recv_data
                0x000011f8       0xa2 IOT_Library/Ethernet/W5300/w5300.o
                0x000011f8                wiz_recv_data
 .text.wiz_recv_ignore
                0x0000129a       0x6c IOT_Library/Ethernet/W5300/w5300.o
                0x0000129a                wiz_recv_ignore
 .text.wizchip_cris_enter
                0x00001306        0x2 IOT_Library/Ethernet/wizchip_conf.o
                0x00001306                wizchip_cris_enter
 .text.wizchip_cris_exit
                0x00001308        0x2 IOT_Library/Ethernet/wizchip_conf.o
                0x00001308                wizchip_cris_exit
 .text.wizchip_cs_select
                0x0000130a        0x2 IOT_Library/Ethernet/wizchip_conf.o
                0x0000130a                wizchip_cs_select
 .text.wizchip_cs_deselect
                0x0000130c        0x2 IOT_Library/Ethernet/wizchip_conf.o
                0x0000130c                wizchip_cs_deselect
 .text.wizchip_bus_readdata
                0x0000130e        0x6 IOT_Library/Ethernet/wizchip_conf.o
                0x0000130e                wizchip_bus_readdata
 .text.wizchip_bus_writedata
                0x00001314        0x6 IOT_Library/Ethernet/wizchip_conf.o
                0x00001314                wizchip_bus_writedata
 .text.reg_wizchip_cris_cbfunc
                0x0000131a       0x2e IOT_Library/Ethernet/wizchip_conf.o
                0x0000131a                reg_wizchip_cris_cbfunc
 .text.wizchip_sw_reset
                0x00001348      0x1fe IOT_Library/Ethernet/wizchip_conf.o
                0x00001348                wizchip_sw_reset
 .text.wizchip_init
                0x00001546       0xba IOT_Library/Ethernet/wizchip_conf.o
                0x00001546                wizchip_init
 .text.default_ip_assign
                0x00001600       0xa6 IOT_Library/Internet/DHCP/dhcp.o
                0x00001600                default_ip_assign
 .text.default_ip_update
                0x000016a6       0x62 IOT_Library/Internet/DHCP/dhcp.o
                0x000016a6                default_ip_update
 .text.default_ip_conflict
                0x00001708       0x60 IOT_Library/Internet/DHCP/dhcp.o
                0x00001708                default_ip_conflict
 .text.makeDHCPMSG
                0x00001768      0x192 IOT_Library/Internet/DHCP/dhcp.o
                0x00001768                makeDHCPMSG
 .text.send_DHCP_DECLINE
                0x000018fa      0x178 IOT_Library/Internet/DHCP/dhcp.o
                0x000018fa                send_DHCP_DECLINE
 .text.parseDHCPMSG
                0x00001a72      0x2ce IOT_Library/Internet/DHCP/dhcp.o
                0x00001a72                parseDHCPMSG
 .text.check_DHCP_leasedIP
                0x00001d40       0xb2 IOT_Library/Internet/DHCP/dhcp.o
                0x00001d40                check_DHCP_leasedIP
 .text.reset_DHCP_timeout
                0x00001df2       0x2e IOT_Library/Internet/DHCP/dhcp.o
                0x00001df2                reset_DHCP_timeout
 .text.DHCP_init
                0x00001e20      0x168 IOT_Library/Internet/DHCP/dhcp.o
                0x00001e20                DHCP_init
 .text.DHCP_time_handler
                0x00001f88       0x28 IOT_Library/Internet/DHCP/dhcp.o
                0x00001f88                DHCP_time_handler
 .text.NibbleToHex
                0x00001fb0        0xe IOT_Library/Internet/DHCP/dhcp.o
                0x00001fb0                NibbleToHex
 .text.send_DHCP_DISCOVER
                0x00001fbe      0x284 IOT_Library/Internet/DHCP/dhcp.o
                0x00001fbe                send_DHCP_DISCOVER
 .text.send_DHCP_REQUEST
                0x00002242      0x352 IOT_Library/Internet/DHCP/dhcp.o
                0x00002242                send_DHCP_REQUEST
 .text.check_DHCP_timeout
                0x00002594       0xda IOT_Library/Internet/DHCP/dhcp.o
                0x00002594                check_DHCP_timeout
 .text.DHCP_run
                0x0000266e      0x240 IOT_Library/Internet/DHCP/dhcp.o
                0x0000266e                DHCP_run
 .text.uart_putchar
                0x000028ae       0x20 main.o
 .text.main     0x000028ce       0x7a main.o
                0x000028ce                main
 .text.queue_writeforTx
                0x00002948       0x58 queue.o
                0x00002948                queue_writeforTx
 .text.queue_availableForTx
                0x000029a0       0x16 queue.o
                0x000029a0                queue_availableForTx
 .text.queue_readForTx
                0x000029b6       0x32 queue.o
                0x000029b6                queue_readForTx
 .text.__vector_12
                0x000029e8      0x132 sysTimer.o
                0x000029e8                __vector_12
 .text.sysTimerStart
                0x00002b1a        0x8 sysTimer.o
                0x00002b1a                sysTimerStart
 .text.sysTimerInit
                0x00002b22       0x32 sysTimer.o
                0x00002b22                sysTimerInit
 .text.sysTimerSubModuleStart
                0x00002b54       0x1e sysTimer.o
                0x00002b54                sysTimerSubModuleStart
 .text.sysTimerSubModuleExpired
                0x00002b72        0x6 sysTimer.o
                0x00002b72                sysTimerSubModuleExpired
 .text.__vector_19
                0x00002b78       0x66 UART_PERIPHERALs.o
                0x00002b78                __vector_19
 .text.__vector_32
                0x00002bde       0x14 UART_PERIPHERALs.o
                0x00002bde                __vector_32
 .text.__vector_18
                0x00002bf2       0x14 UART_PERIPHERALs.o
                0x00002bf2                __vector_18
 .text.__vector_30
                0x00002c06       0x14 UART_PERIPHERALs.o
                0x00002c06                __vector_30
 .text.UART0_Init
                0x00002c1a       0x18 UART_PERIPHERALs.o
                0x00002c1a                UART0_Init
 .text.UART0_write
                0x00002c32       0x12 UART_PERIPHERALs.o
                0x00002c32                UART0_write
 .text.enable_global_interrupts
                0x00002c44        0x4 wiznet_driver.o
                0x00002c44                enable_global_interrupts
 .text.disable_global_interrupts
                0x00002c48        0x4 wiznet_driver.o
                0x00002c48                disable_global_interrupts
 .text.avr-libc
                0x00002c4c       0x26 c:/program files (x86)/atmel/studio/7.0/toolchain/avr8/avr8-gnu-toolchain/bin/../lib/gcc/avr/5.4.0/../../../../avr/lib/avr51\libc.a(printf.o)
                0x00002c4c                printf
 .text.avr-libc
                0x00002c72       0x60 c:/program files (x86)/atmel/studio/7.0/toolchain/avr8/avr8-gnu-toolchain/bin/../lib/gcc/avr/5.4.0/../../../../avr/lib/avr51\libc.a(puts.o)
                0x00002c72                puts
 .text.avr-libc
                0x00002cd2      0x3fa c:/program files (x86)/atmel/studio/7.0/toolchain/avr8/avr8-gnu-toolchain/bin/../lib/gcc/avr/5.4.0/../../../../avr/lib/avr51\libc.a(vfprintf_std.o)
                0x00002cd2                vfprintf
 .text.avr-libc
                0x000030cc       0x16 c:/program files (x86)/atmel/studio/7.0/toolchain/avr8/avr8-gnu-toolchain/bin/../lib/gcc/avr/5.4.0/../../../../avr/lib/avr51\libc.a(strnlen_P.o)
                0x000030cc                strnlen_P
 .text.avr-libc
                0x000030e2       0x16 c:/program files (x86)/atmel/studio/7.0/toolchain/avr8/avr8-gnu-toolchain/bin/../lib/gcc/avr/5.4.0/../../../../avr/lib/avr51\libc.a(strnlen.o)
                0x000030e2                strnlen
 .text.avr-libc
                0x000030f8       0x78 c:/program files (x86)/atmel/studio/7.0/toolchain/avr8/avr8-gnu-toolchain/bin/../lib/gcc/avr/5.4.0/../../../../avr/lib/avr51\libc.a(fputc.o)
                0x000030f8                fputc
 .text.avr-libc
                0x00003170       0xbc c:/program files (x86)/atmel/studio/7.0/toolchain/avr8/avr8-gnu-toolchain/bin/../lib/gcc/avr/5.4.0/../../../../avr/lib/avr51\libc.a(ultoa_invert.o)
                0x00003170                __ultoa_invert
                0x0000322c                . = ALIGN (0x2)
 *(.fini9)
 .fini9         0x0000322c        0x0 c:/program files (x86)/atmel/studio/7.0/toolchain/avr8/avr8-gnu-toolchain/bin/../lib/gcc/avr/5.4.0/avr51\libgcc.a(_exit.o)
                0x0000322c                _exit
                0x0000322c                exit
 *(.fini9)
 *(.fini8)
 *(.fini8)
 *(.fini7)
 *(.fini7)
 *(.fini6)
 *(.fini6)
 *(.fini5)
 *(.fini5)
 *(.fini4)
 *(.fini4)
 *(.fini3)
 *(.fini3)
 *(.fini2)
 *(.fini2)
 *(.fini1)
 *(.fini1)
 *(.fini0)
 .fini0         0x0000322c        0x4 c:/program files (x86)/atmel/studio/7.0/toolchain/avr8/avr8-gnu-toolchain/bin/../lib/gcc/avr/5.4.0/avr51\libgcc.a(_exit.o)
 *(.fini0)
                0x00003230                _etext = .

.data           0x00800100      0x288 load address 0x00003230
                0x00800100                PROVIDE (__data_start, .)
 *(.data)
 *(.data*)
 .data.sock_any_port
                0x00800100        0x2 IOT_Library/Ethernet/socket.o
 .data.WIZCHIP  0x00800102       0x1a IOT_Library/Ethernet/wizchip_conf.o
                0x00800102                WIZCHIP
 .data.dhcp_ip_conflict
                0x0080011c        0x2 IOT_Library/Internet/DHCP/dhcp.o
                0x0080011c                dhcp_ip_conflict
 .data.dhcp_ip_update
                0x0080011e        0x2 IOT_Library/Internet/DHCP/dhcp.o
                0x0080011e                dhcp_ip_update
 .data.dhcp_ip_assign
                0x00800120        0x2 IOT_Library/Internet/DHCP/dhcp.o
                0x00800120                dhcp_ip_assign
 .data.HOST_NAME
                0x00800122        0x8 IOT_Library/Internet/DHCP/dhcp.o
                0x00800122                HOST_NAME
 .data.dhcp_tick_next
                0x0080012a        0x4 IOT_Library/Internet/DHCP/dhcp.o
                0x0080012a                dhcp_tick_next
 .data.dhcp_lease_time
                0x0080012e        0x4 IOT_Library/Internet/DHCP/dhcp.o
                0x0080012e                dhcp_lease_time
 .data.mystdout
                0x00800132        0xe main.o
 .data.rxBuffer
                0x00800140        0x8 main.o
                0x00800140                rxBuffer
 .data.txBuffer
                0x00800148        0x8 main.o
                0x00800148                txBuffer
 .data.queueForUart0
                0x00800150        0xa queue.o
                0x00800150                queueForUart0
 *(.gnu.linkonce.d*)
 *(.rodata)
 *(.rodata*)
 .rodata.str1.1
                0x0080015a      0x22d IOT_Library/Internet/DHCP/dhcp.o
 *(.gnu.linkonce.r*)
                0x00800388                . = ALIGN (0x2)
 *fill*         0x00800387        0x1 
                0x00800388                _edata = .
                0x00800388                PROVIDE (__data_end, .)

.bss            0x00800388      0x38b
                0x00800388                PROVIDE (__bss_start, .)
 *(.bss)
 *(.bss*)
 .bss.VALUE     0x00800388        0x2 External_Interrupt.o
                0x00800388                VALUE
 .bss.sock_remained_byte
                0x0080038a        0x8 IOT_Library/Ethernet/socket.o
                0x0080038a                sock_remained_byte
 .bss.sock_pack_info
                0x00800392        0x8 IOT_Library/Ethernet/socket.o
                0x00800392                sock_pack_info
 .bss.sock_remained_size
                0x0080039a       0x10 IOT_Library/Ethernet/socket.o
 .bss.sock_is_sending
                0x008003aa        0x2 IOT_Library/Ethernet/socket.o
 .bss.sock_io_mode
                0x008003ac        0x2 IOT_Library/Ethernet/socket.o
 .bss.dhcp_tick_1s
                0x008003ae        0x4 IOT_Library/Internet/DHCP/dhcp.o
                0x008003ae                dhcp_tick_1s
 .bss.dhcp_retry_count
                0x008003b2        0x1 IOT_Library/Internet/DHCP/dhcp.o
                0x008003b2                dhcp_retry_count
 .bss.dhcp_state
                0x008003b3        0x1 IOT_Library/Internet/DHCP/dhcp.o
                0x008003b3                dhcp_state
 .bss.DHCP_allocated_dns
                0x008003b4        0x4 IOT_Library/Internet/DHCP/dhcp.o
                0x008003b4                DHCP_allocated_dns
 .bss.DHCP_allocated_sn
                0x008003b8        0x4 IOT_Library/Internet/DHCP/dhcp.o
                0x008003b8                DHCP_allocated_sn
 .bss.DHCP_allocated_gw
                0x008003bc        0x4 IOT_Library/Internet/DHCP/dhcp.o
                0x008003bc                DHCP_allocated_gw
 .bss.DHCP_allocated_ip
                0x008003c0        0x4 IOT_Library/Internet/DHCP/dhcp.o
                0x008003c0                DHCP_allocated_ip
 .bss.OLD_allocated_ip
                0x008003c4        0x4 IOT_Library/Internet/DHCP/dhcp.o
                0x008003c4                OLD_allocated_ip
 .bss.dhcpBuffer
                0x008003c8      0x100 main.o
                0x008003c8                dhcpBuffer
 .bss.myTimers  0x008004c8       0x28 sysTimer.o
                0x008004c8                myTimers
 *(COMMON)
 COMMON         0x008004f0       0x15 IOT_Library/Internet/DHCP/dhcp.o
                0x008004f0                DHCP_CHADDR
                0x008004f6                DHCP_XID
                0x008004fa                DHCP_REAL_SIP
                0x008004fe                DHCP_SIP
                0x00800502                pDHCPMSG
                0x00800504                DHCP_SOCKET
 COMMON         0x00800505      0x208 queue.o
                0x00800505                _uart0_rx_buffer
                0x0080050d                _uart0_tx_buffer
 COMMON         0x0080070d        0x6 c:/program files (x86)/atmel/studio/7.0/toolchain/avr8/avr8-gnu-toolchain/bin/../lib/gcc/avr/5.4.0/../../../../avr/lib/avr51\libc.a(iob.o)
                0x0080070d                __iob
                0x00800713                PROVIDE (__bss_end, .)
                0x00003230                __data_load_start = LOADADDR (.data)
                0x000034b8                __data_load_end = (__data_load_start + SIZEOF (.data))

.noinit         0x00800713        0x0
                [!provide]                PROVIDE (__noinit_start, .)
 *(.noinit*)
                [!provide]                PROVIDE (__noinit_end, .)
                0x00800713                _end = .
                0x00800713                PROVIDE (__heap_start, .)

.eeprom         0x00810000        0x0
 *(.eeprom*)
                0x00810000                __eeprom_end = .

.fuse
 *(.fuse)
 *(.lfuse)
 *(.hfuse)
 *(.efuse)

.lock
 *(.lock*)

.signature
 *(.signature*)

.user_signatures
 *(.user_signatures*)

.stab
 *(.stab)

.stabstr
 *(.stabstr)

.stab.excl
 *(.stab.excl)

.stab.exclstr
 *(.stab.exclstr)

.stab.index
 *(.stab.index)

.stab.indexstr
 *(.stab.indexstr)

.comment        0x00000000       0x5c
 *(.comment)
 .comment       0x00000000       0x30 Blinky.o
                                 0x31 (size before relaxing)
 .comment       0x00000030       0x31 External_Interrupt.o
 .comment       0x00000030       0x31 externMemInterface.o
 .comment       0x00000030       0x31 GPIO.o
 .comment       0x00000030       0x31 IOT_Library/Ethernet/socket.o
 .comment       0x00000030       0x31 IOT_Library/Ethernet/W5300/w5300.o
 .comment       0x00000030       0x31 IOT_Library/Ethernet/wizchip_conf.o
 .comment       0x00000030       0x31 IOT_Library/Internet/DHCP/dhcp.o
 .comment       0x00000030       0x31 main.o
 .comment       0x00000030       0x31 queue.o
 .comment       0x00000030       0x31 sysTimer.o
 .comment       0x00000030       0x31 UART_PERIPHERALs.o
 .comment       0x00000030       0x31 wiznet_driver.o
 .comment       0x00000030       0x31 c:/program files (x86)/atmel/studio/7.0/toolchain/avr8/avr8-gnu-toolchain/bin/../lib/gcc/avr/5.4.0/../../../../avr/lib/avr51\libc.a(iob.o)
 .comment       0x00000030       0x31 c:/program files (x86)/atmel/studio/7.0/toolchain/avr8/avr8-gnu-toolchain/bin/../lib/gcc/avr/5.4.0/../../../../avr/lib/avr51\libc.a(printf.o)
 .comment       0x00000030       0x31 c:/program files (x86)/atmel/studio/7.0/toolchain/avr8/avr8-gnu-toolchain/bin/../lib/gcc/avr/5.4.0/../../../../avr/lib/avr51\libc.a(puts.o)
 .comment       0x00000030       0x2c c:/program files (x86)/atmel/studio/7.0/toolchain/avr8/avr8-gnu-toolchain/bin/../lib/gcc/avr/5.4.0/../../../../avr/lib/avr51\libc.a(vfprintf_std.o)
                                 0x2d (size before relaxing)
 .comment       0x0000005c       0x31 c:/program files (x86)/atmel/studio/7.0/toolchain/avr8/avr8-gnu-toolchain/bin/../lib/gcc/avr/5.4.0/../../../../avr/lib/avr51\libc.a(fputc.o)

.note.gnu.avr.deviceinfo
                0x00000000       0x3c
 .note.gnu.avr.deviceinfo
                0x00000000       0x3c C:/Program Files (x86)/Atmel/Studio/7.0/Packs/atmel/ATmega_DFP/1.7.374/gcc/dev/atmega128/avr51/crtatmega128.o

.note.gnu.build-id
 *(.note.gnu.build-id)

.debug
 *(.debug)

.line
 *(.line)

.debug_srcinfo
 *(.debug_srcinfo)

.debug_sfnames
 *(.debug_sfnames)

.debug_aranges  0x00000000      0x4c0
 *(.debug_aranges)
 .debug_aranges
                0x00000000       0x28 Blinky.o
 .debug_aranges
                0x00000028       0x20 External_Interrupt.o
 .debug_aranges
                0x00000048       0x20 externMemInterface.o
 .debug_aranges
                0x00000068       0x20 GPIO.o
 .debug_aranges
                0x00000088       0x78 IOT_Library/Ethernet/socket.o
 .debug_aranges
                0x00000100       0x70 IOT_Library/Ethernet/W5300/w5300.o
 .debug_aranges
                0x00000170      0x110 IOT_Library/Ethernet/wizchip_conf.o
 .debug_aranges
                0x00000280       0xc8 IOT_Library/Internet/DHCP/dhcp.o
 .debug_aranges
                0x00000348       0x28 main.o
 .debug_aranges
                0x00000370       0x48 queue.o
 .debug_aranges
                0x000003b8       0x58 sysTimer.o
 .debug_aranges
                0x00000410       0x48 UART_PERIPHERALs.o
 .debug_aranges
                0x00000458       0x68 wiznet_driver.o

.debug_pubnames
 *(.debug_pubnames)

.debug_info     0x00000000     0x5fb0
 *(.debug_info .gnu.linkonce.wi.*)
 .debug_info    0x00000000      0x780 C:/Program Files (x86)/Atmel/Studio/7.0/Packs/atmel/ATmega_DFP/1.7.374/gcc/dev/atmega128/avr51/crtatmega128.o
 .debug_info    0x00000780      0x182 Blinky.o
 .debug_info    0x00000902       0x9a External_Interrupt.o
 .debug_info    0x0000099c       0x83 externMemInterface.o
 .debug_info    0x00000a1f       0x83 GPIO.o
 .debug_info    0x00000aa2     0x17d3 IOT_Library/Ethernet/socket.o
 .debug_info    0x00002275      0x6b5 IOT_Library/Ethernet/W5300/w5300.o
 .debug_info    0x0000292a     0x143f IOT_Library/Ethernet/wizchip_conf.o
 .debug_info    0x00003d69     0x13e6 IOT_Library/Internet/DHCP/dhcp.o
 .debug_info    0x0000514f      0x4ec main.o
 .debug_info    0x0000563b      0x304 queue.o
 .debug_info    0x0000593f      0x28c sysTimer.o
 .debug_info    0x00005bcb      0x224 UART_PERIPHERALs.o
 .debug_info    0x00005def      0x1c1 wiznet_driver.o

.debug_abbrev   0x00000000     0x18fb
 *(.debug_abbrev)
 .debug_abbrev  0x00000000      0x718 C:/Program Files (x86)/Atmel/Studio/7.0/Packs/atmel/ATmega_DFP/1.7.374/gcc/dev/atmega128/avr51/crtatmega128.o
 .debug_abbrev  0x00000718       0xc8 Blinky.o
 .debug_abbrev  0x000007e0       0x69 External_Interrupt.o
 .debug_abbrev  0x00000849       0x51 externMemInterface.o
 .debug_abbrev  0x0000089a       0x51 GPIO.o
 .debug_abbrev  0x000008eb      0x196 IOT_Library/Ethernet/socket.o
 .debug_abbrev  0x00000a81      0x238 IOT_Library/Ethernet/W5300/w5300.o
 .debug_abbrev  0x00000cb9      0x34e IOT_Library/Ethernet/wizchip_conf.o
 .debug_abbrev  0x00001007      0x260 IOT_Library/Internet/DHCP/dhcp.o
 .debug_abbrev  0x00001267      0x22d main.o
 .debug_abbrev  0x00001494      0x11c queue.o
 .debug_abbrev  0x000015b0      0x149 sysTimer.o
 .debug_abbrev  0x000016f9      0x126 UART_PERIPHERALs.o
 .debug_abbrev  0x0000181f       0xdc wiznet_driver.o

.debug_line     0x00000000     0x34bb
 *(.debug_line .debug_line.* .debug_line_end)
 .debug_line    0x00000000      0x16a C:/Program Files (x86)/Atmel/Studio/7.0/Packs/atmel/ATmega_DFP/1.7.374/gcc/dev/atmega128/avr51/crtatmega128.o
 .debug_line    0x0000016a       0xd3 Blinky.o
 .debug_line    0x0000023d       0xb5 External_Interrupt.o
 .debug_line    0x000002f2       0xb5 externMemInterface.o
 .debug_line    0x000003a7       0xfb GPIO.o
 .debug_line    0x000004a2      0xd58 IOT_Library/Ethernet/socket.o
 .debug_line    0x000011fa      0x35f IOT_Library/Ethernet/W5300/w5300.o
 .debug_line    0x00001559      0x7bc IOT_Library/Ethernet/wizchip_conf.o
 .debug_line    0x00001d15      0xe66 IOT_Library/Internet/DHCP/dhcp.o
 .debug_line    0x00002b7b      0x23f main.o
 .debug_line    0x00002dba      0x1bb queue.o
 .debug_line    0x00002f75      0x205 sysTimer.o
 .debug_line    0x0000317a      0x156 UART_PERIPHERALs.o
 .debug_line    0x000032d0      0x1eb wiznet_driver.o

.debug_frame    0x00000000     0x1010
 *(.debug_frame)
 .debug_frame   0x00000000       0x34 Blinky.o
 .debug_frame   0x00000034       0x38 External_Interrupt.o
 .debug_frame   0x0000006c       0x24 externMemInterface.o
 .debug_frame   0x00000090       0x24 GPIO.o
 .debug_frame   0x000000b4      0x408 IOT_Library/Ethernet/socket.o
 .debug_frame   0x000004bc      0x270 IOT_Library/Ethernet/W5300/w5300.o
 .debug_frame   0x0000072c      0x2b4 IOT_Library/Ethernet/wizchip_conf.o
 .debug_frame   0x000009e0      0x2e0 IOT_Library/Internet/DHCP/dhcp.o
 .debug_frame   0x00000cc0       0x44 main.o
 .debug_frame   0x00000d04       0x88 queue.o
 .debug_frame   0x00000d8c       0xe0 sysTimer.o
 .debug_frame   0x00000e6c       0xe0 UART_PERIPHERALs.o
 .debug_frame   0x00000f4c       0xc4 wiznet_driver.o

.debug_str      0x00000000     0x1990
 *(.debug_str)
 .debug_str     0x00000000      0x27d C:/Program Files (x86)/Atmel/Studio/7.0/Packs/atmel/ATmega_DFP/1.7.374/gcc/dev/atmega128/avr51/crtatmega128.o
 .debug_str     0x0000027d      0x1f2 Blinky.o
                                0x233 (size before relaxing)
 .debug_str     0x0000046f       0x34 External_Interrupt.o
                                0x1b8 (size before relaxing)
 .debug_str     0x000004a3       0x32 externMemInterface.o
                                0x1be (size before relaxing)
 .debug_str     0x000004d5       0x16 GPIO.o
                                0x1a2 (size before relaxing)
 .debug_str     0x000004eb      0x2f6 IOT_Library/Ethernet/socket.o
                                0x4ca (size before relaxing)
 .debug_str     0x000007e1      0x100 IOT_Library/Ethernet/W5300/w5300.o
                                0x36f (size before relaxing)
 .debug_str     0x000008e1      0x5e9 IOT_Library/Ethernet/wizchip_conf.o
                                0x86f (size before relaxing)
 .debug_str     0x00000eca      0x725 IOT_Library/Internet/DHCP/dhcp.o
                                0x964 (size before relaxing)
 .debug_str     0x000015ef       0xcf main.o
                                0x370 (size before relaxing)
 .debug_str     0x000016be      0x110 queue.o
                                0x2c2 (size before relaxing)
 .debug_str     0x000017ce       0x79 sysTimer.o
                                0x2a3 (size before relaxing)
 .debug_str     0x00001847       0x54 UART_PERIPHERALs.o
                                0x2c0 (size before relaxing)
 .debug_str     0x0000189b       0xf5 wiznet_driver.o
                                0x28f (size before relaxing)

.debug_loc      0x00000000     0x4b0b
 *(.debug_loc)
 .debug_loc     0x00000000       0x49 External_Interrupt.o
 .debug_loc     0x00000049     0x1d08 IOT_Library/Ethernet/socket.o
 .debug_loc     0x00001d51      0xafe IOT_Library/Ethernet/W5300/w5300.o
 .debug_loc     0x0000284f      0xb1f IOT_Library/Ethernet/wizchip_conf.o
 .debug_loc     0x0000336e     0x10cd IOT_Library/Internet/DHCP/dhcp.o
 .debug_loc     0x0000443b      0x103 main.o
 .debug_loc     0x0000453e      0x1ee queue.o
 .debug_loc     0x0000472c      0x164 sysTimer.o
 .debug_loc     0x00004890      0x1ba UART_PERIPHERALs.o
 .debug_loc     0x00004a4a       0xc1 wiznet_driver.o

.debug_macinfo
 *(.debug_macinfo)

.debug_weaknames
 *(.debug_weaknames)

.debug_funcnames
 *(.debug_funcnames)

.debug_typenames
 *(.debug_typenames)

.debug_varnames
 *(.debug_varnames)

.debug_pubtypes
 *(.debug_pubtypes)

.debug_ranges   0x00000000      0x420
 *(.debug_ranges)
 .debug_ranges  0x00000000       0x18 Blinky.o
 .debug_ranges  0x00000018       0x10 External_Interrupt.o
 .debug_ranges  0x00000028       0x10 externMemInterface.o
 .debug_ranges  0x00000038       0x10 GPIO.o
 .debug_ranges  0x00000048       0x80 IOT_Library/Ethernet/socket.o
 .debug_ranges  0x000000c8       0x60 IOT_Library/Ethernet/W5300/w5300.o
 .debug_ranges  0x00000128      0x100 IOT_Library/Ethernet/wizchip_conf.o
 .debug_ranges  0x00000228       0xb8 IOT_Library/Internet/DHCP/dhcp.o
 .debug_ranges  0x000002e0       0x18 main.o
 .debug_ranges  0x000002f8       0x50 queue.o
 .debug_ranges  0x00000348       0x48 sysTimer.o
 .debug_ranges  0x00000390       0x38 UART_PERIPHERALs.o
 .debug_ranges  0x000003c8       0x58 wiznet_driver.o

.debug_macro
 *(.debug_macro)
OUTPUT(IOT_Project_AVR_8_BIT.elf elf32-avr)
LOAD linker stubs
